[AutoBBLaunch] Wed Jun  3 04:54:58 AM UTC 2026 dataset=flickr gpu=2
[AutoBB] building centroids ds=flickr c=128
[AutoBB] flickr q=100 attack 01/5 original
[AutoBB] flickr q=100 attack 02/5 rotate_m10
[AutoBB] flickr q=100 attack 03/5 crop40
[AutoBB] flickr q=100 attack 04/5 watermark_asset
[AutoBB] flickr q=100 attack 05/5 contrast
[AutoBBCal] flickr c=128 valid=True score=7.554251 row={'direct_avg': 79.3, 'direct_ms': 11.782743, 'hnsw_avg': 79.3, 'hnsw_ms': 1.926946, 'hnsw_min_match': 100.0, 'hnsw_recall': 100.0, 'hnsw_seen': 646.9, 'erng_avg': 79.3, 'erng_ms': 5.627305, 'erng_min_match': 100.0, 'erng_recall': 100.0, 'erng_seen': 646.9, 'centroids': 128, 'centroid_file': '/home/saketh/json/final_named_artifacts_20260601/flickr/phase3_centroid_branchbound_autotune/flickr_autotune_centroids_c128.npz'}
[AutoBB] building centroids ds=flickr c=192
[AutoBB] flickr q=100 attack 01/5 original
[AutoBB] flickr q=100 attack 02/5 rotate_m10
[AutoBB] flickr q=100 attack 03/5 crop40
[AutoBB] flickr q=100 attack 04/5 watermark_asset
[AutoBB] flickr q=100 attack 05/5 contrast
[AutoBBCal] flickr c=192 valid=True score=7.587521 row={'direct_avg': 79.0, 'direct_ms': 12.755109, 'hnsw_avg': 79.0, 'hnsw_ms': 1.779362, 'hnsw_min_match': 100.0, 'hnsw_recall': 100.0, 'hnsw_seen': 458.4, 'erng_avg': 79.0, 'erng_ms': 5.808159, 'erng_min_match': 100.0, 'erng_recall': 100.0, 'erng_seen': 458.3, 'centroids': 192, 'centroid_file': '/home/saketh/json/final_named_artifacts_20260601/flickr/phase3_centroid_branchbound_autotune/flickr_autotune_centroids_c192.npz'}
[AutoBB] building centroids ds=flickr c=256
[AutoBB] flickr q=100 attack 01/5 original
[AutoBB] flickr q=100 attack 02/5 rotate_m10
[AutoBB] flickr q=100 attack 03/5 crop40
[AutoBB] flickr q=100 attack 04/5 watermark_asset
[AutoBB] flickr q=100 attack 05/5 contrast
[AutoBBCal] flickr c=256 valid=True score=7.950507 row={'direct_avg': 79.4, 'direct_ms': 12.267834, 'hnsw_avg': 79.4, 'hnsw_ms': 2.019467, 'hnsw_min_match': 100.0, 'hnsw_recall': 100.0, 'hnsw_seen': 338.2, 'erng_avg': 79.4, 'erng_ms': 5.93104, 'erng_min_match': 100.0, 'erng_recall': 100.0, 'erng_seen': 338.2, 'centroids': 256, 'centroid_file': '/home/saketh/json/final_named_artifacts_20260601/flickr/phase3_centroid_branchbound_autotune/flickr_autotune_centroids_c256.npz'}
[AutoBB] building centroids ds=flickr c=384
[AutoBB] flickr q=100 attack 01/5 original
[AutoBB] flickr q=100 attack 02/5 rotate_m10
[AutoBB] flickr q=100 attack 03/5 crop40
[AutoBB] flickr q=100 attack 04/5 watermark_asset
[AutoBB] flickr q=100 attack 05/5 contrast
[AutoBBCal] flickr c=384 valid=True score=9.158383 row={'direct_avg': 80.5, 'direct_ms': 15.603854, 'hnsw_avg': 80.5, 'hnsw_ms': 2.370325, 'hnsw_min_match': 100.0, 'hnsw_recall': 100.0, 'hnsw_seen': 224.8, 'erng_avg': 80.5, 'erng_ms': 6.788058, 'erng_min_match': 100.0, 'erng_recall': 100.0, 'erng_seen': 224.8, 'centroids': 384, 'centroid_file': '/home/saketh/json/final_named_artifacts_20260601/flickr/phase3_centroid_branchbound_autotune/flickr_autotune_centroids_c384.npz'}
[AutoBB] building centroids ds=flickr c=512
[AutoBB] flickr q=100 attack 01/5 original
[AutoBB] flickr q=100 attack 02/5 rotate_m10
[AutoBB] flickr q=100 attack 03/5 crop40
[AutoBB] flickr q=100 attack 04/5 watermark_asset
[AutoBB] flickr q=100 attack 05/5 contrast
[AutoBBCal] flickr c=512 valid=True score=10.016093 row={'direct_avg': 79.1, 'direct_ms': 14.382852, 'hnsw_avg': 79.1, 'hnsw_ms': 2.365036, 'hnsw_min_match': 100.0, 'hnsw_recall': 100.0, 'hnsw_seen': 172.7, 'erng_avg': 79.1, 'erng_ms': 7.651057, 'erng_min_match': 100.0, 'erng_recall': 100.0, 'erng_seen': 172.7, 'centroids': 512, 'centroid_file': '/home/saketh/json/final_named_artifacts_20260601/flickr/phase3_centroid_branchbound_autotune/flickr_autotune_centroids_c512.npz'}
[AutoBB] building centroids ds=flickr c=768
[AutoBB] flickr q=100 attack 01/5 original
[AutoBB] flickr q=100 attack 02/5 rotate_m10
[AutoBB] flickr q=100 attack 03/5 crop40
[AutoBB] flickr q=100 attack 04/5 watermark_asset
[AutoBB] flickr q=100 attack 05/5 contrast
[AutoBBCal] flickr c=768 valid=True score=12.459179 row={'direct_avg': 80.7, 'direct_ms': 13.800465, 'hnsw_avg': 80.7, 'hnsw_ms': 2.569392, 'hnsw_min_match': 100.0, 'hnsw_recall': 100.0, 'hnsw_seen': 108.0, 'erng_avg': 80.7, 'erng_ms': 9.889787, 'erng_min_match': 100.0, 'erng_recall': 100.0, 'erng_seen': 108.0, 'centroids': 768, 'centroid_file': '/home/saketh/json/final_named_artifacts_20260601/flickr/phase3_centroid_branchbound_autotune/flickr_autotune_centroids_c768.npz'}
[AutoBB] building centroids ds=flickr c=1024
[AutoBB] flickr q=100 attack 01/5 original
[AutoBB] flickr q=100 attack 02/5 rotate_m10
[AutoBB] flickr q=100 attack 03/5 crop40
[AutoBB] flickr q=100 attack 04/5 watermark_asset
[AutoBB] flickr q=100 attack 05/5 contrast
[AutoBBCal] flickr c=1024 valid=True score=11.287991 row={'direct_avg': 81.1, 'direct_ms': 11.704533, 'hnsw_avg': 81.1, 'hnsw_ms': 3.061008, 'hnsw_min_match': 100.0, 'hnsw_recall': 100.0, 'hnsw_seen': 80.9, 'erng_avg': 81.1, 'erng_ms': 8.226983, 'erng_min_match': 100.0, 'erng_recall': 100.0, 'erng_seen': 80.8, 'centroids': 1024, 'centroid_file': '/home/saketh/json/final_named_artifacts_20260601/flickr/phase3_centroid_branchbound_autotune/flickr_autotune_centroids_c1024.npz'}
[AutoBB] selected ds=flickr centroids=128
[AutoBB] flickr q=100 attack 01/26 original
[AutoBB] flickr q=100 attack 02/26 rotate_m5
[AutoBB] flickr q=100 attack 03/26 rotate_m10
[AutoBB] flickr q=100 attack 04/26 rotate5
[AutoBB] flickr q=100 attack 05/26 rotate15
[AutoBB] flickr q=100 attack 06/26 rotate30
[AutoBB] flickr q=100 attack 07/26 rotate40
[AutoBB] flickr q=100 attack 08/26 crop5
[AutoBB] flickr q=100 attack 09/26 crop10
[AutoBB] flickr q=100 attack 10/26 crop20
[AutoBB] flickr q=100 attack 11/26 crop40
[AutoBB] flickr q=100 attack 12/26 bright_light
[AutoBB] flickr q=100 attack 13/26 bright
[AutoBB] flickr q=100 attack 14/26 heavy_bright
[AutoBB] flickr q=100 attack 15/26 flip_h
[AutoBB] flickr q=100 attack 16/26 flip_v
[AutoBB] flickr q=100 attack 17/26 flip
[AutoBB] flickr q=100 attack 18/26 resize_compress
[AutoBB] flickr q=100 attack 19/26 resize
[AutoBB] flickr q=100 attack 20/26 watermark_text
[AutoBB] flickr q=100 attack 21/26 watermark_asset
[AutoBB] flickr q=100 attack 22/26 mix_rotate10_bright
[AutoBB] flickr q=100 attack 23/26 mix_crop20_watermark
[AutoBB] flickr q=100 attack 24/26 bg_color_change
[AutoBB] flickr q=100 attack 25/26 blur
[AutoBB] flickr q=100 attack 26/26 contrast
[AutoBBSummary] flickr q=100 {'direct_avg': 87.85, 'direct_ms': 13.737284, 'hnsw_avg': 87.85, 'hnsw_ms': 1.986101, 'hnsw_min_match': 100.0, 'hnsw_recall': 100.0, 'hnsw_seen': 625.6, 'erng_avg': 87.85, 'erng_ms': 5.718867, 'erng_min_match': 100.0, 'erng_recall': 100.0, 'erng_seen': 625.6}
[AutoBB] flickr q=200 attack 01/26 original
[AutoBB] flickr q=200 attack 02/26 rotate_m5
[AutoBB] flickr q=200 attack 03/26 rotate_m10
[AutoBB] flickr q=200 attack 04/26 rotate5
[AutoBB] flickr q=200 attack 05/26 rotate15
[AutoBB] flickr q=200 attack 06/26 rotate30
[AutoBB] flickr q=200 attack 07/26 rotate40
[AutoBB] flickr q=200 attack 08/26 crop5
[AutoBB] flickr q=200 attack 09/26 crop10
[AutoBB] flickr q=200 attack 10/26 crop20
[AutoBB] flickr q=200 attack 11/26 crop40
[AutoBB] flickr q=200 attack 12/26 bright_light
[AutoBB] flickr q=200 attack 13/26 bright
[AutoBB] flickr q=200 attack 14/26 heavy_bright
[AutoBB] flickr q=200 attack 15/26 flip_h
[AutoBB] flickr q=200 attack 16/26 flip_v
[AutoBB] flickr q=200 attack 17/26 flip
[AutoBB] flickr q=200 attack 18/26 resize_compress
[AutoBB] flickr q=200 attack 19/26 resize
[AutoBB] flickr q=200 attack 20/26 watermark_text
[AutoBB] flickr q=200 attack 21/26 watermark_asset
[AutoBB] flickr q=200 attack 22/26 mix_rotate10_bright
[AutoBB] flickr q=200 attack 23/26 mix_crop20_watermark
[AutoBB] flickr q=200 attack 24/26 bg_color_change
[AutoBB] flickr q=200 attack 25/26 blur
[AutoBB] flickr q=200 attack 26/26 contrast
[AutoBBSummary] flickr q=200 {'direct_avg': 87.47, 'direct_ms': 11.399785, 'hnsw_avg': 87.47, 'hnsw_ms': 1.649412, 'hnsw_min_match': 100.0, 'hnsw_recall': 100.0, 'hnsw_seen': 614.4, 'erng_avg': 87.47, 'erng_ms': 4.699322, 'erng_min_match': 100.0, 'erng_recall': 100.0, 'erng_seen': 614.3}
[AutoBB] flickr q=500 attack 01/26 original
[AutoBB] flickr q=500 attack 02/26 rotate_m5
[AutoBB] flickr q=500 attack 03/26 rotate_m10
[AutoBB] flickr q=500 attack 04/26 rotate5
[AutoBB] flickr q=500 attack 05/26 rotate15
[AutoBB] flickr q=500 attack 06/26 rotate30
[AutoBB] flickr q=500 attack 07/26 rotate40
[AutoBB] flickr q=500 attack 08/26 crop5
[AutoBB] flickr q=500 attack 09/26 crop10
[AutoBB] flickr q=500 attack 10/26 crop20
[AutoBB] flickr q=500 attack 11/26 crop40
[AutoBB] flickr q=500 attack 12/26 bright_light
[AutoBB] flickr q=500 attack 13/26 bright
[AutoBB] flickr q=500 attack 14/26 heavy_bright
[AutoBB] flickr q=500 attack 15/26 flip_h
[AutoBB] flickr q=500 attack 16/26 flip_v
[AutoBB] flickr q=500 attack 17/26 flip
[AutoBB] flickr q=500 attack 18/26 resize_compress
[AutoBB] flickr q=500 attack 19/26 resize
[AutoBB] flickr q=500 attack 20/26 watermark_text
[AutoBB] flickr q=500 attack 21/26 watermark_asset
[AutoBB] flickr q=500 attack 22/26 mix_rotate10_bright
[AutoBB] flickr q=500 attack 23/26 mix_crop20_watermark
[AutoBB] flickr q=500 attack 24/26 bg_color_change
[AutoBB] flickr q=500 attack 25/26 blur
[AutoBB] flickr q=500 attack 26/26 contrast
[AutoBBSummary] flickr q=500 {'direct_avg': 87.53, 'direct_ms': 10.824495, 'hnsw_avg': 87.53, 'hnsw_ms': 1.649487, 'hnsw_min_match': 100.0, 'hnsw_recall': 100.0, 'hnsw_seen': 617.5, 'erng_avg': 87.53, 'erng_ms': 4.338222, 'erng_min_match': 100.0, 'erng_recall': 100.0, 'erng_seen': 617.4}
[AutoBB] flickr q=1000 attack 01/26 original
[AutoBB] flickr q=1000 attack 02/26 rotate_m5
[AutoBB] flickr q=1000 attack 03/26 rotate_m10
[AutoBB] flickr q=1000 attack 04/26 rotate5
[AutoBB] flickr q=1000 attack 05/26 rotate15
[AutoBB] flickr q=1000 attack 06/26 rotate30
[AutoBB] flickr q=1000 attack 07/26 rotate40
[AutoBB] flickr q=1000 attack 08/26 crop5
[AutoBB] flickr q=1000 attack 09/26 crop10
[AutoBB] flickr q=1000 attack 10/26 crop20
[AutoBB] flickr q=1000 attack 11/26 crop40
[AutoBB] flickr q=1000 attack 12/26 bright_light
[AutoBB] flickr q=1000 attack 13/26 bright
[AutoBB] flickr q=1000 attack 14/26 heavy_bright
[AutoBB] flickr q=1000 attack 15/26 flip_h
[AutoBB] flickr q=1000 attack 16/26 flip_v
[AutoBB] flickr q=1000 attack 17/26 flip
[AutoBB] flickr q=1000 attack 18/26 resize_compress
[AutoBB] flickr q=1000 attack 19/26 resize
[AutoBB] flickr q=1000 attack 20/26 watermark_text
[AutoBB] flickr q=1000 attack 21/26 watermark_asset
[AutoBB] flickr q=1000 attack 22/26 mix_rotate10_bright
[AutoBB] flickr q=1000 attack 23/26 mix_crop20_watermark
[AutoBB] flickr q=1000 attack 24/26 bg_color_change
[AutoBB] flickr q=1000 attack 25/26 blur
[AutoBB] flickr q=1000 attack 26/26 contrast
[AutoBBSummary] flickr q=1000 {'direct_avg': 87.74, 'direct_ms': 10.375671, 'hnsw_avg': 87.74, 'hnsw_ms': 1.431105, 'hnsw_min_match': 100.0, 'hnsw_recall': 100.0, 'hnsw_seen': 615.4, 'erng_avg': 87.74, 'erng_ms': 3.706475, 'erng_min_match': 100.0, 'erng_recall': 100.0, 'erng_seen': 615.3}
[AutoBB] saved /home/saketh/json/final_named_artifacts_20260601/flickr/phase3_centroid_branchbound_autotune/flickr_centroid_branchbound_autotune_timing.json
