[PerAttackAllQ] amazon start c=512 q_sizes=[100, 200, 500, 1000, 2000]
[PerAttackAllQ] amazon q=100 attacks=26
[PerAttackAllQ] amazon q=100 attack 01/26 original
[PerAttackAllQ] amazon q=100 attack 02/26 rotate_m5
[PerAttackAllQ] amazon q=100 attack 03/26 rotate_m10
[PerAttackAllQ] amazon q=100 attack 04/26 rotate5
[PerAttackAllQ] amazon q=100 attack 05/26 rotate15
[PerAttackAllQ] amazon q=100 attack 06/26 rotate30
[PerAttackAllQ] amazon q=100 attack 07/26 rotate40
[PerAttackAllQ] amazon q=100 attack 08/26 crop5
[PerAttackAllQ] amazon q=100 attack 09/26 crop10
[PerAttackAllQ] amazon q=100 attack 10/26 crop20
[PerAttackAllQ] amazon q=100 attack 11/26 crop40
[PerAttackAllQ] amazon q=100 attack 12/26 bright_light
[PerAttackAllQ] amazon q=100 attack 13/26 bright
[PerAttackAllQ] amazon q=100 attack 14/26 heavy_bright
[PerAttackAllQ] amazon q=100 attack 15/26 flip_h
[PerAttackAllQ] amazon q=100 attack 16/26 flip_v
[PerAttackAllQ] amazon q=100 attack 17/26 flip
[PerAttackAllQ] amazon q=100 attack 18/26 resize_compress
[PerAttackAllQ] amazon q=100 attack 19/26 resize
[PerAttackAllQ] amazon q=100 attack 20/26 watermark_text
[PerAttackAllQ] amazon q=100 attack 21/26 watermark_asset
[PerAttackAllQ] amazon q=100 attack 22/26 mix_rotate10_bright
[PerAttackAllQ] amazon q=100 attack 23/26 mix_crop20_watermark
[PerAttackAllQ] amazon q=100 attack 24/26 bg_color_change
[PerAttackAllQ] amazon q=100 attack 25/26 blur
[PerAttackAllQ] amazon q=100 attack 26/26 contrast
[PerAttackAllQ] amazon q=100 saved_partial /home/saketh/json/final_named_artifacts_20260601/amazon/phase3_cpp_centroid_branchbound/amazon_allq_per_attack_direct_hnsw_erng.json
[PerAttackAllQ] amazon q=200 attacks=26
[PerAttackAllQ] amazon q=200 attack 01/26 original
[PerAttackAllQ] amazon q=200 attack 02/26 rotate_m5
[PerAttackAllQ] amazon q=200 attack 03/26 rotate_m10
[PerAttackAllQ] amazon q=200 attack 04/26 rotate5
[PerAttackAllQ] amazon q=200 attack 05/26 rotate15
[PerAttackAllQ] amazon q=200 attack 06/26 rotate30
[PerAttackAllQ] amazon q=200 attack 07/26 rotate40
[PerAttackAllQ] amazon q=200 attack 08/26 crop5
[PerAttackAllQ] amazon q=200 attack 09/26 crop10
[PerAttackAllQ] amazon q=200 attack 10/26 crop20
[PerAttackAllQ] amazon q=200 attack 11/26 crop40
[PerAttackAllQ] amazon q=200 attack 12/26 bright_light
[PerAttackAllQ] amazon q=200 attack 13/26 bright
[PerAttackAllQ] amazon q=200 attack 14/26 heavy_bright
[PerAttackAllQ] amazon q=200 attack 15/26 flip_h
[PerAttackAllQ] amazon q=200 attack 16/26 flip_v
[PerAttackAllQ] amazon q=200 attack 17/26 flip
[PerAttackAllQ] amazon q=200 attack 18/26 resize_compress
[PerAttackAllQ] amazon q=200 attack 19/26 resize
[PerAttackAllQ] amazon q=200 attack 20/26 watermark_text
[PerAttackAllQ] amazon q=200 attack 21/26 watermark_asset
[PerAttackAllQ] amazon q=200 attack 22/26 mix_rotate10_bright
[PerAttackAllQ] amazon q=200 attack 23/26 mix_crop20_watermark
[PerAttackAllQ] amazon q=200 attack 24/26 bg_color_change
[PerAttackAllQ] amazon q=200 attack 25/26 blur
[PerAttackAllQ] amazon q=200 attack 26/26 contrast
[PerAttackAllQ] amazon q=200 saved_partial /home/saketh/json/final_named_artifacts_20260601/amazon/phase3_cpp_centroid_branchbound/amazon_allq_per_attack_direct_hnsw_erng.json
[PerAttackAllQ] amazon q=500 attacks=26
[PerAttackAllQ] amazon q=500 attack 01/26 original
[PerAttackAllQ] amazon q=500 attack 02/26 rotate_m5
[PerAttackAllQ] amazon q=500 attack 03/26 rotate_m10
[PerAttackAllQ] amazon q=500 attack 04/26 rotate5
[PerAttackAllQ] amazon q=500 attack 05/26 rotate15
[PerAttackAllQ] amazon q=500 attack 06/26 rotate30
[PerAttackAllQ] amazon q=500 attack 07/26 rotate40
[PerAttackAllQ] amazon q=500 attack 08/26 crop5
[PerAttackAllQ] amazon q=500 attack 09/26 crop10
[PerAttackAllQ] amazon q=500 attack 10/26 crop20
[PerAttackAllQ] amazon q=500 attack 11/26 crop40
[PerAttackAllQ] amazon q=500 attack 12/26 bright_light
[PerAttackAllQ] amazon q=500 attack 13/26 bright
[PerAttackAllQ] amazon q=500 attack 14/26 heavy_bright
[PerAttackAllQ] amazon q=500 attack 15/26 flip_h
[PerAttackAllQ] amazon q=500 attack 16/26 flip_v
[PerAttackAllQ] amazon q=500 attack 17/26 flip
[PerAttackAllQ] amazon q=500 attack 18/26 resize_compress
[PerAttackAllQ] amazon q=500 attack 19/26 resize
[PerAttackAllQ] amazon q=500 attack 20/26 watermark_text
[PerAttackAllQ] amazon q=500 attack 21/26 watermark_asset
[PerAttackAllQ] amazon q=500 attack 22/26 mix_rotate10_bright
[PerAttackAllQ] amazon q=500 attack 23/26 mix_crop20_watermark
[PerAttackAllQ] amazon q=500 attack 24/26 bg_color_change
[PerAttackAllQ] amazon q=500 attack 25/26 blur
[PerAttackAllQ] amazon q=500 attack 26/26 contrast
[PerAttackAllQ] amazon q=500 saved_partial /home/saketh/json/final_named_artifacts_20260601/amazon/phase3_cpp_centroid_branchbound/amazon_allq_per_attack_direct_hnsw_erng.json
[PerAttackAllQ] amazon q=1000 attacks=26
[PerAttackAllQ] amazon q=1000 attack 01/26 original
[PerAttackAllQ] amazon q=1000 attack 02/26 rotate_m5
[PerAttackAllQ] amazon q=1000 attack 03/26 rotate_m10
[PerAttackAllQ] amazon q=1000 attack 04/26 rotate5
[PerAttackAllQ] amazon q=1000 attack 05/26 rotate15
[PerAttackAllQ] amazon q=1000 attack 06/26 rotate30
[PerAttackAllQ] amazon q=1000 attack 07/26 rotate40
[PerAttackAllQ] amazon q=1000 attack 08/26 crop5
[PerAttackAllQ] amazon q=1000 attack 09/26 crop10
[PerAttackAllQ] amazon q=1000 attack 10/26 crop20
[PerAttackAllQ] amazon q=1000 attack 11/26 crop40
[PerAttackAllQ] amazon q=1000 attack 12/26 bright_light
[PerAttackAllQ] amazon q=1000 attack 13/26 bright
[PerAttackAllQ] amazon q=1000 attack 14/26 heavy_bright
[PerAttackAllQ] amazon q=1000 attack 15/26 flip_h
[PerAttackAllQ] amazon q=1000 attack 16/26 flip_v
[PerAttackAllQ] amazon q=1000 attack 17/26 flip
[PerAttackAllQ] amazon q=1000 attack 18/26 resize_compress
[PerAttackAllQ] amazon q=1000 attack 19/26 resize
[PerAttackAllQ] amazon q=1000 attack 20/26 watermark_text
[PerAttackAllQ] amazon q=1000 attack 21/26 watermark_asset
[PerAttackAllQ] amazon q=1000 attack 22/26 mix_rotate10_bright
[PerAttackAllQ] amazon q=1000 attack 23/26 mix_crop20_watermark
[PerAttackAllQ] amazon q=1000 attack 24/26 bg_color_change
[PerAttackAllQ] amazon q=1000 attack 25/26 blur
[PerAttackAllQ] amazon q=1000 attack 26/26 contrast
[PerAttackAllQ] amazon q=1000 saved_partial /home/saketh/json/final_named_artifacts_20260601/amazon/phase3_cpp_centroid_branchbound/amazon_allq_per_attack_direct_hnsw_erng.json
[PerAttackAllQ] amazon q=2000 attacks=26
[PerAttackAllQ] amazon q=2000 attack 01/26 original
[PerAttackAllQ] amazon q=2000 attack 02/26 rotate_m5
[PerAttackAllQ] amazon q=2000 attack 03/26 rotate_m10
[PerAttackAllQ] amazon q=2000 attack 04/26 rotate5
[PerAttackAllQ] amazon q=2000 attack 05/26 rotate15
[PerAttackAllQ] amazon q=2000 attack 06/26 rotate30
[PerAttackAllQ] amazon q=2000 attack 07/26 rotate40
[PerAttackAllQ] amazon q=2000 attack 08/26 crop5
[PerAttackAllQ] amazon q=2000 attack 09/26 crop10
[PerAttackAllQ] amazon q=2000 attack 10/26 crop20
[PerAttackAllQ] amazon q=2000 attack 11/26 crop40
[PerAttackAllQ] amazon q=2000 attack 12/26 bright_light
[PerAttackAllQ] amazon q=2000 attack 13/26 bright
[PerAttackAllQ] amazon q=2000 attack 14/26 heavy_bright
[PerAttackAllQ] amazon q=2000 attack 15/26 flip_h
[PerAttackAllQ] amazon q=2000 attack 16/26 flip_v
[PerAttackAllQ] amazon q=2000 attack 17/26 flip
[PerAttackAllQ] amazon q=2000 attack 18/26 resize_compress
[PerAttackAllQ] amazon q=2000 attack 19/26 resize
[PerAttackAllQ] amazon q=2000 attack 20/26 watermark_text
[PerAttackAllQ] amazon q=2000 attack 21/26 watermark_asset
[PerAttackAllQ] amazon q=2000 attack 22/26 mix_rotate10_bright
[PerAttackAllQ] amazon q=2000 attack 23/26 mix_crop20_watermark
[PerAttackAllQ] amazon q=2000 attack 24/26 bg_color_change
[PerAttackAllQ] amazon q=2000 attack 25/26 blur
[PerAttackAllQ] amazon q=2000 attack 26/26 contrast
[PerAttackAllQ] amazon q=2000 saved_partial /home/saketh/json/final_named_artifacts_20260601/amazon/phase3_cpp_centroid_branchbound/amazon_allq_per_attack_direct_hnsw_erng.json
[PerAttackAllQ] amazon done saved /home/saketh/json/final_named_artifacts_20260601/amazon/phase3_cpp_centroid_branchbound/amazon_allq_per_attack_direct_hnsw_erng.json
