[AutoBBLaunch] Wed Jun  3 04:54:58 AM UTC 2026 dataset=ucid gpu=3
[AutoBB] building centroids ds=ucid c=96
[AutoBB] ucid q=100 attack 01/5 original
[AutoBB] ucid q=100 attack 02/5 rotate_m10
[AutoBB] ucid q=100 attack 03/5 crop40
[AutoBB] ucid q=100 attack 04/5 watermark_asset
[AutoBB] ucid q=100 attack 05/5 contrast
[AutoBBCal] ucid c=96 valid=True score=6.050686 row={'direct_avg': 77.4, 'direct_ms': 4.510961, 'hnsw_avg': 77.4, 'hnsw_ms': 2.078789, 'hnsw_min_match': 100.0, 'hnsw_recall': 100.0, 'hnsw_seen': 634.6, 'erng_avg': 77.4, 'erng_ms': 3.971897, 'erng_min_match': 100.0, 'erng_recall': 100.0, 'erng_seen': 634.6, 'centroids': 96, 'centroid_file': '/home/saketh/json/final_named_artifacts_20260601/ucid/phase3_centroid_branchbound_autotune/ucid_autotune_centroids_c96.npz'}
[AutoBB] building centroids ds=ucid c=128
[AutoBB] ucid q=100 attack 01/5 original
[AutoBB] ucid q=100 attack 02/5 rotate_m10
[AutoBB] ucid q=100 attack 03/5 crop40
[AutoBB] ucid q=100 attack 04/5 watermark_asset
[AutoBB] ucid q=100 attack 05/5 contrast
[AutoBBCal] ucid c=128 valid=True score=8.049652 row={'direct_avg': 77.6, 'direct_ms': 5.895842, 'hnsw_avg': 77.6, 'hnsw_ms': 2.356507, 'hnsw_min_match': 100.0, 'hnsw_recall': 100.0, 'hnsw_seen': 554.1, 'erng_avg': 77.6, 'erng_ms': 5.693145, 'erng_min_match': 100.0, 'erng_recall': 100.0, 'erng_seen': 554.1, 'centroids': 128, 'centroid_file': '/home/saketh/json/final_named_artifacts_20260601/ucid/phase3_centroid_branchbound_autotune/ucid_autotune_centroids_c128.npz'}
[AutoBB] building centroids ds=ucid c=192
[AutoBB] ucid q=100 attack 01/5 original
[AutoBB] ucid q=100 attack 02/5 rotate_m10
[AutoBB] ucid q=100 attack 03/5 crop40
[AutoBB] ucid q=100 attack 04/5 watermark_asset
[AutoBB] ucid q=100 attack 05/5 contrast
[AutoBBCal] ucid c=192 valid=True score=9.367902 row={'direct_avg': 77.4, 'direct_ms': 5.430294, 'hnsw_avg': 77.4, 'hnsw_ms': 2.833081, 'hnsw_min_match': 100.0, 'hnsw_recall': 100.0, 'hnsw_seen': 486.5, 'erng_avg': 77.4, 'erng_ms': 6.534821, 'erng_min_match': 100.0, 'erng_recall': 100.0, 'erng_seen': 486.5, 'centroids': 192, 'centroid_file': '/home/saketh/json/final_named_artifacts_20260601/ucid/phase3_centroid_branchbound_autotune/ucid_autotune_centroids_c192.npz'}
[AutoBB] building centroids ds=ucid c=256
[AutoBB] ucid q=100 attack 01/5 original
[AutoBB] ucid q=100 attack 02/5 rotate_m10
[AutoBB] ucid q=100 attack 03/5 crop40
[AutoBB] ucid q=100 attack 04/5 watermark_asset
[AutoBB] ucid q=100 attack 05/5 contrast
[AutoBBCal] ucid c=256 valid=True score=9.843836 row={'direct_avg': 76.8, 'direct_ms': 5.541419, 'hnsw_avg': 76.8, 'hnsw_ms': 2.453763, 'hnsw_min_match': 100.0, 'hnsw_recall': 100.0, 'hnsw_seen': 425.9, 'erng_avg': 76.8, 'erng_ms': 7.390073, 'erng_min_match': 100.0, 'erng_recall': 100.0, 'erng_seen': 425.8, 'centroids': 256, 'centroid_file': '/home/saketh/json/final_named_artifacts_20260601/ucid/phase3_centroid_branchbound_autotune/ucid_autotune_centroids_c256.npz'}
[AutoBB] building centroids ds=ucid c=384
[AutoBB] ucid q=100 attack 01/5 original
[AutoBB] ucid q=100 attack 02/5 rotate_m10
[AutoBB] ucid q=100 attack 03/5 crop40
[AutoBB] ucid q=100 attack 04/5 watermark_asset
[AutoBB] ucid q=100 attack 05/5 contrast
[AutoBBCal] ucid c=384 valid=True score=12.852431 row={'direct_avg': 77.3, 'direct_ms': 5.362473, 'hnsw_avg': 77.3, 'hnsw_ms': 3.499875, 'hnsw_min_match': 100.0, 'hnsw_recall': 100.0, 'hnsw_seen': 352.9, 'erng_avg': 77.3, 'erng_ms': 9.352556, 'erng_min_match': 100.0, 'erng_recall': 100.0, 'erng_seen': 352.8, 'centroids': 384, 'centroid_file': '/home/saketh/json/final_named_artifacts_20260601/ucid/phase3_centroid_branchbound_autotune/ucid_autotune_centroids_c384.npz'}
[AutoBB] building centroids ds=ucid c=512
[AutoBB] ucid q=100 attack 01/5 original
[AutoBB] ucid q=100 attack 02/5 rotate_m10
[AutoBB] ucid q=100 attack 03/5 crop40
[AutoBB] ucid q=100 attack 04/5 watermark_asset
[AutoBB] ucid q=100 attack 05/5 contrast
[AutoBBCal] ucid c=512 valid=True score=10.573710 row={'direct_avg': 77.3, 'direct_ms': 4.212709, 'hnsw_avg': 77.3, 'hnsw_ms': 2.781844, 'hnsw_min_match': 100.0, 'hnsw_recall': 100.0, 'hnsw_seen': 304.4, 'erng_avg': 77.3, 'erng_ms': 7.791866, 'erng_min_match': 100.0, 'erng_recall': 100.0, 'erng_seen': 304.3, 'centroids': 512, 'centroid_file': '/home/saketh/json/final_named_artifacts_20260601/ucid/phase3_centroid_branchbound_autotune/ucid_autotune_centroids_c512.npz'}
[AutoBB] building centroids ds=ucid c=768
[AutoBB] ucid q=100 attack 01/5 original
[AutoBB] ucid q=100 attack 02/5 rotate_m10
[AutoBB] ucid q=100 attack 03/5 crop40
[AutoBB] ucid q=100 attack 04/5 watermark_asset
[AutoBB] ucid q=100 attack 05/5 contrast
[AutoBBCal] ucid c=768 valid=True score=12.834746 row={'direct_avg': 78.1, 'direct_ms': 4.36007, 'hnsw_avg': 78.1, 'hnsw_ms': 3.680375, 'hnsw_min_match': 100.0, 'hnsw_recall': 100.0, 'hnsw_seen': 252.4, 'erng_avg': 78.1, 'erng_ms': 9.154371, 'erng_min_match': 100.0, 'erng_recall': 100.0, 'erng_seen': 252.3, 'centroids': 768, 'centroid_file': '/home/saketh/json/final_named_artifacts_20260601/ucid/phase3_centroid_branchbound_autotune/ucid_autotune_centroids_c768.npz'}
[AutoBB] selected ds=ucid centroids=96
[AutoBB] ucid q=100 attack 01/26 original
[AutoBB] ucid q=100 attack 02/26 rotate_m5
[AutoBB] ucid q=100 attack 03/26 rotate_m10
[AutoBB] ucid q=100 attack 04/26 rotate5
[AutoBB] ucid q=100 attack 05/26 rotate15
[AutoBB] ucid q=100 attack 06/26 rotate30
[AutoBB] ucid q=100 attack 07/26 rotate40
[AutoBB] ucid q=100 attack 08/26 crop5
[AutoBB] ucid q=100 attack 09/26 crop10
[AutoBB] ucid q=100 attack 10/26 crop20
[AutoBB] ucid q=100 attack 11/26 crop40
[AutoBB] ucid q=100 attack 12/26 bright_light
[AutoBB] ucid q=100 attack 13/26 bright
[AutoBB] ucid q=100 attack 14/26 heavy_bright
[AutoBB] ucid q=100 attack 15/26 flip_h
[AutoBB] ucid q=100 attack 16/26 flip_v
[AutoBB] ucid q=100 attack 17/26 flip
[AutoBB] ucid q=100 attack 18/26 resize_compress
[AutoBB] ucid q=100 attack 19/26 resize
[AutoBB] ucid q=100 attack 20/26 watermark_text
[AutoBB] ucid q=100 attack 21/26 watermark_asset
[AutoBB] ucid q=100 attack 22/26 mix_rotate10_bright
[AutoBB] ucid q=100 attack 23/26 mix_crop20_watermark
[AutoBB] ucid q=100 attack 24/26 bg_color_change
[AutoBB] ucid q=100 attack 25/26 blur
[AutoBB] ucid q=100 attack 26/26 contrast
[AutoBBSummary] ucid q=100 {'direct_avg': 83.9, 'direct_ms': 4.812699, 'hnsw_avg': 83.9, 'hnsw_ms': 1.92926, 'hnsw_min_match': 100.0, 'hnsw_recall': 100.0, 'hnsw_seen': 608.5, 'erng_avg': 83.9, 'erng_ms': 4.299761, 'erng_min_match': 100.0, 'erng_recall': 100.0, 'erng_seen': 608.5}
[AutoBB] ucid q=200 attack 01/26 original
[AutoBB] ucid q=200 attack 02/26 rotate_m5
[AutoBB] ucid q=200 attack 03/26 rotate_m10
[AutoBB] ucid q=200 attack 04/26 rotate5
[AutoBB] ucid q=200 attack 05/26 rotate15
[AutoBB] ucid q=200 attack 06/26 rotate30
[AutoBB] ucid q=200 attack 07/26 rotate40
[AutoBB] ucid q=200 attack 08/26 crop5
[AutoBB] ucid q=200 attack 09/26 crop10
[AutoBB] ucid q=200 attack 10/26 crop20
[AutoBB] ucid q=200 attack 11/26 crop40
[AutoBB] ucid q=200 attack 12/26 bright_light
[AutoBB] ucid q=200 attack 13/26 bright
[AutoBB] ucid q=200 attack 14/26 heavy_bright
[AutoBB] ucid q=200 attack 15/26 flip_h
[AutoBB] ucid q=200 attack 16/26 flip_v
[AutoBB] ucid q=200 attack 17/26 flip
[AutoBB] ucid q=200 attack 18/26 resize_compress
[AutoBB] ucid q=200 attack 19/26 resize
[AutoBB] ucid q=200 attack 20/26 watermark_text
[AutoBB] ucid q=200 attack 21/26 watermark_asset
[AutoBB] ucid q=200 attack 22/26 mix_rotate10_bright
[AutoBB] ucid q=200 attack 23/26 mix_crop20_watermark
[AutoBB] ucid q=200 attack 24/26 bg_color_change
[AutoBB] ucid q=200 attack 25/26 blur
[AutoBB] ucid q=200 attack 26/26 contrast
[AutoBBSummary] ucid q=200 {'direct_avg': 83.97, 'direct_ms': 4.970065, 'hnsw_avg': 83.97, 'hnsw_ms': 2.021564, 'hnsw_min_match': 100.0, 'hnsw_recall': 100.0, 'hnsw_seen': 614.9, 'erng_avg': 83.97, 'erng_ms': 4.832107, 'erng_min_match': 100.0, 'erng_recall': 100.0, 'erng_seen': 614.9}
[AutoBB] ucid q=500 attack 01/26 original
[AutoBB] ucid q=500 attack 02/26 rotate_m5
[AutoBB] ucid q=500 attack 03/26 rotate_m10
[AutoBB] ucid q=500 attack 04/26 rotate5
[AutoBB] ucid q=500 attack 05/26 rotate15
[AutoBB] ucid q=500 attack 06/26 rotate30
[AutoBB] ucid q=500 attack 07/26 rotate40
[AutoBB] ucid q=500 attack 08/26 crop5
[AutoBB] ucid q=500 attack 09/26 crop10
[AutoBB] ucid q=500 attack 10/26 crop20
[AutoBB] ucid q=500 attack 11/26 crop40
[AutoBB] ucid q=500 attack 12/26 bright_light
[AutoBB] ucid q=500 attack 13/26 bright
[AutoBB] ucid q=500 attack 14/26 heavy_bright
[AutoBB] ucid q=500 attack 15/26 flip_h
[AutoBB] ucid q=500 attack 16/26 flip_v
[AutoBB] ucid q=500 attack 17/26 flip
[AutoBB] ucid q=500 attack 18/26 resize_compress
[AutoBB] ucid q=500 attack 19/26 resize
[AutoBB] ucid q=500 attack 20/26 watermark_text
[AutoBB] ucid q=500 attack 21/26 watermark_asset
[AutoBB] ucid q=500 attack 22/26 mix_rotate10_bright
[AutoBB] ucid q=500 attack 23/26 mix_crop20_watermark
[AutoBB] ucid q=500 attack 24/26 bg_color_change
[AutoBB] ucid q=500 attack 25/26 blur
[AutoBB] ucid q=500 attack 26/26 contrast
[AutoBBSummary] ucid q=500 {'direct_avg': 84.1, 'direct_ms': 4.205891, 'hnsw_avg': 84.1, 'hnsw_ms': 1.641321, 'hnsw_min_match': 100.0, 'hnsw_recall': 100.0, 'hnsw_seen': 575.4, 'erng_avg': 84.1, 'erng_ms': 3.779862, 'erng_min_match': 100.0, 'erng_recall': 100.0, 'erng_seen': 575.4}
[AutoBB] ucid q=850 attack 01/26 original
[AutoBB] ucid q=850 attack 02/26 rotate_m5
[AutoBB] ucid q=850 attack 03/26 rotate_m10
[AutoBB] ucid q=850 attack 04/26 rotate5
[AutoBB] ucid q=850 attack 05/26 rotate15
[AutoBB] ucid q=850 attack 06/26 rotate30
[AutoBB] ucid q=850 attack 07/26 rotate40
[AutoBB] ucid q=850 attack 08/26 crop5
[AutoBB] ucid q=850 attack 09/26 crop10
[AutoBB] ucid q=850 attack 10/26 crop20
[AutoBB] ucid q=850 attack 11/26 crop40
[AutoBB] ucid q=850 attack 12/26 bright_light
[AutoBB] ucid q=850 attack 13/26 bright
[AutoBB] ucid q=850 attack 14/26 heavy_bright
[AutoBB] ucid q=850 attack 15/26 flip_h
[AutoBB] ucid q=850 attack 16/26 flip_v
[AutoBB] ucid q=850 attack 17/26 flip
[AutoBB] ucid q=850 attack 18/26 resize_compress
[AutoBB] ucid q=850 attack 19/26 resize
[AutoBB] ucid q=850 attack 20/26 watermark_text
[AutoBB] ucid q=850 attack 21/26 watermark_asset
[AutoBB] ucid q=850 attack 22/26 mix_rotate10_bright
[AutoBB] ucid q=850 attack 23/26 mix_crop20_watermark
[AutoBB] ucid q=850 attack 24/26 bg_color_change
[AutoBB] ucid q=850 attack 25/26 blur
[AutoBB] ucid q=850 attack 26/26 contrast
[AutoBBSummary] ucid q=850 {'direct_avg': 84.46, 'direct_ms': 4.265859, 'hnsw_avg': 84.46, 'hnsw_ms': 1.721167, 'hnsw_min_match': 100.0, 'hnsw_recall': 100.0, 'hnsw_seen': 573.6, 'erng_avg': 84.46, 'erng_ms': 3.650002, 'erng_min_match': 100.0, 'erng_recall': 100.0, 'erng_seen': 573.5}
[AutoBB] saved /home/saketh/json/final_named_artifacts_20260601/ucid/phase3_centroid_branchbound_autotune/ucid_centroid_branchbound_autotune_timing.json
